#-----------------------------------------------------------
# Webtalk v2020.2 (64-bit)
# SW Build 3064766 on Wed Nov 18 09:12:45 MST 2020
# IP Build 3064653 on Wed Nov 18 14:17:31 MST 2020
# Start of session at: Tue May 11 01:47:56 2021
# Process ID: 10876
# Current directory: C:/Users/naume/OneDrive/Desktop/Facultate/Semestrul2/CN/Labs/sumator_intarziere_transport/sumator_intarziere_transport.sim/sim_1/behav/xsim
# Command line: wbtcv.exe -mode batch -source C:/Users/naume/OneDrive/Desktop/Facultate/Semestrul2/CN/Labs/sumator_intarziere_transport/sumator_intarziere_transport.sim/sim_1/behav/xsim/xsim.dir/sumator_anticipare_transport_sim_behav/webtalk/xsim_webtalk.tcl -notrace
# Log file: C:/Users/naume/OneDrive/Desktop/Facultate/Semestrul2/CN/Labs/sumator_intarziere_transport/sumator_intarziere_transport.sim/sim_1/behav/xsim/webtalk.log
# Journal file: C:/Users/naume/OneDrive/Desktop/Facultate/Semestrul2/CN/Labs/sumator_intarziere_transport/sumator_intarziere_transport.sim/sim_1/behav/xsim\webtalk.jou
#-----------------------------------------------------------
source C:/Users/naume/OneDrive/Desktop/Facultate/Semestrul2/CN/Labs/sumator_intarziere_transport/sumator_intarziere_transport.sim/sim_1/behav/xsim/xsim.dir/sumator_anticipare_transport_sim_behav/webtalk/xsim_webtalk.tcl -notrace
